=~=~=~=~=~=~=~=~=~=~=~= PuTTY log 2022.10.07 16:36:52 =~=~=~=~=~=~=~=~=~=~=~=

 ets Jan  8 2013,rst cause:2, boot mode:(3,0)

load 0x40100000, len 7032, room 16 
tail 8
chksum 0x94
load 0x3ffe8408, len 24, room 0 
tail 8
chksum 0x2d
load 0x3ffe8420, len 3328, room 0 
tail 0
chksum 0x59
csum 0x59
[0;32mI (48) boot: ESP-IDF v3.4-49-g0f200b46-dirty 2nd stage bootloader[0m
[0;32mI (48) boot: compile time 17:35:40[0m
[0;32mI (49) boot: SPI Speed      : 40MHz[0m
[0;32mI (55) boot: SPI Mode       : DOUT[0m
[0;32mI (62) boot: SPI Flash Size : 1MB[0m
[0;32mI (68) boot: Partition Table:[0m
[0;32mI (73) boot: ## Label            Usage          Type ST Offset   Length[0m
[0;32mI (85) boot:  0 nvs              WiFi data        01 02 00009000 00006000[0m
[0;32mI (96) boot:  1 phy_init         RF data          01 01 0000f000 00001000[0m
[0;32mI (108) boot:  2 factory          factory app      00 00 00010000 000f0000[0m
[0;32mI (119) boot: End of partition table[0m
[0;32mI (126) esp_image: segment 0: paddr=0x00010010 vaddr=0x40210010 size=0x1cc68 (117864) map[0m
[0;32mI (191) esp_image: segment 1: paddr=0x0002cc80 vaddr=0x4022cc78 size=0x07128 ( 28968) map[0m
[0;32mI (204) esp_image: segment 2: paddr=0x00033db0 vaddr=0x3ffe8000 size=0x00544 (  1348) load[0m
[0;32mI (205) esp_image: segment 3: paddr=0x000342fc vaddr=0x40100000 size=0x00080 (   128) load[0m
[0;32mI (216) esp_image: segment 4: paddr=0x00034384 vaddr=0x40100080 size=0x050c0 ( 20672) load[0m
[0;32mI (238) boot: Loaded app from partition at offset 0x10000[0m
Joshua Elcock 816024926
This is ESP8266 chip with 1 CPU cores, WiFi, silicon revision 1, 1MB external flash
Restarting in 9 seconds...
Restarting in 8 seconds...
Restarting in 7 seconds...
Restarting in 6 seconds...
Restarting in 5 seconds...
Restarting in 4 seconds...
Restarting in 3 seconds...
Restarting in 2 seconds...
Restarting in 1 seconds...
Restarting in 0 seconds...
Restarting now.

 ets Jan  8 2013,rst cause:2, boot mode:(3,0)

load 0x40100000, len 7032, room 16 
tail 8
chksum 0x94
load 0x3ffe8408, len 24, room 0 
tail 8
chksum 0x2d
load 0x3ffe8420, len 3328, room 0 
tail 0
chksum 0x59
csum 0x59
[0;32mI (90) boot: ESP-IDF v3.4-49-g0f200b46-dirty 2nd stage bootloader[0m
[0;32mI (91) boot: compile time 17:35:40[0m
[0;32mI (92) boot: SPI Speed      : 40MHz[0m
[0;32mI (105) boot: SPI Mode       : DOUT[0m
[0;32mI (118) boot: SPI Flash Size : 1MB[0m
[0;32mI (130) boot: Partition Table:[0m
[0;32mI (142) boot: ## Label            Usage          Type ST Offset   Length[0m
[0;32mI (165) boot:  0 nvs              WiFi data        01 02 00009000 00006000[0m
[0;32mI (188) boot:  1 phy_init         RF data          01 01 0000f000 00001000[0m
[0;32mI (211) boot:  2 factory          factory app      00 00 00010000 000f0000[0m
[0;32mI (234) boot: End of partition table[0m
[0;32mI (247) esp_image: segment 0: paddr=0x00010010 vaddr=0x40210010 size=0x1cc68 (117864) map[0m
[0;32mI (353) esp_image: segment 1: paddr=0x0002cc80 vaddr=0x4022cc78 size=0x07128 ( 28968) map[0m
[0;32mI (374) esp_image: segment 2: paddr=0x00033db0 vaddr=0x3ffe8000 size=0x00544 (  1348) load[0m
[0;32mI (376) esp_image: segment 3: paddr=0x000342fc vaddr=0x40100000 size=0x00080 (   128) load[0m
[0;32mI (404) esp_image: segment 4: paddr=0x00034384 vaddr=0x40100080 size=0x050c0 ( 20672) load[0m
[0;32mI (443) boot: Loaded app from partition at offset 0x10000[0m
Joshua Elcock 816024926
This is ESP8266 chip with 1 CPU cores, WiFi, silicon revision 1, 1MB external flash
Restarting in 9 seconds...
Restarting in 8 seconds...
Restarting in 7 seconds...
Restarting in 6 seconds...
Restarting in 5 seconds...
Restarting in 4 seconds...
Restarting in 3 seconds...
Restarting in 2 seconds...
Restarting in 1 seconds...
Restarting in 0 seconds...
Restarting now.

 ets Jan  8 2013,rst cause:2, boot mode:(3,0)

load 0x40100000, len 7032, room 16 
tail 8
chksum 0x94
load 0x3ffe8408, len 24, room 0 
tail 8
chksum 0x2d
load 0x3ffe8420, len 3328, room 0 
tail 0
chksum 0x59
csum 0x59
[0;32mI (90) boot: ESP-IDF v3.4-49-g0f200b46-dirty 2nd stage bootloader[0m
[0;32mI (91) boot: compile time 17:35:40[0m
[0;32mI (92) boot: SPI Speed      : 40MHz[0m
[0;32mI (105) boot: SPI Mode       : DOUT[0m
[0;32mI (118) boot: SPI Flash Size : 1MB[0m
[0;32mI (130) boot: Partition Table:[0m
[0;32mI (142) boot: ## Label            Usage          Type ST Offset   Length[0m
[0;32mI (165) boot:  0 nvs              WiFi data        01 02 00009000 00006000[0m
[0;32mI (188) boot:  1 phy_init         RF data          01 01 0000f000 00001000[0m
[0;32mI (211) boot:  2 factory          factory app      00 00 00010000 000f0000[0m
[0;32mI (234) boot: End of partition table[0m
[0;32mI (247) esp_image: segment 0: paddr=0x00010010 vaddr=0x40210010 size=0x1cc68 (117864) map[0m
[0;32mI (353) esp_image: segment 1: paddr=0x0002cc80 vaddr=0x4022cc78 size=0x07128 ( 28968) map[0m
[0;32mI (374) esp_image: segment 2: paddr=0x00033db0 vaddr=0x3ffe8000 size=0x00544 (  1348) load[0m
[0;32mI (376) esp_image: segment 3: paddr=0x000342fc vaddr=0x40100000 size=0x00080 (   128) load[0m
[0;32mI (404) esp_image: segment 4: paddr=0x00034384 vaddr=0x40100080 size=0x050c0 ( 20672) load[0m
[0;32mI (443) boot: Loaded app from partition at offset 0x10000[0m
Joshua Elcock 816024926
This is ESP8266 chip with 1 CPU cores, WiFi, silicon revision 1, 1MB external flash
Restarting in 9 seconds...
R